[2026-05-03 00:25:26] posting DXoe6VSk6yo (12657 KB) — uploading...
[2026-05-03 00:25:29] upload OK: https://tmpfiles.org/dl/36220995/dxoe6vsk6yo.mp4
[2026-05-03 00:25:29] creating container...
[2026-05-03 00:25:30] container 18085180715161499 — polling...
[2026-05-03 00:25:30]   poll 0: IN_PROGRESS
[2026-05-03 00:25:35] FAILED: container error: {'status_code': 'ERROR', 'id': '18085180715161499'}
[2026-05-03 00:27:00] posting DXoe6VSk6yo (12657 KB) — uploading...
[2026-05-03 00:27:30] upload OK: https://files.catbox.moe/llp2r2.mp4
[2026-05-03 00:27:30] creating container...
[2026-05-03 00:27:31] container 18085180811161499 — polling...
[2026-05-03 00:27:31]   poll 0: IN_PROGRESS
[2026-05-03 00:27:47]   poll 3: IN_PROGRESS
[2026-05-03 00:28:03]   poll 6: IN_PROGRESS
[2026-05-03 00:28:19]   poll 9: IN_PROGRESS
[2026-05-03 00:28:29] FAILED: container error: {'status_code': 'ERROR', 'id': '18085180811161499'}
[2026-05-03 00:29:50] posting DXoe6VSk6yo (5121 KB) — uploading...
[2026-05-03 00:29:57] upload OK: https://files.catbox.moe/0szbdr.mp4
[2026-05-03 00:29:57] creating container...
[2026-05-03 00:29:58] container 18085181114161499 — polling...
[2026-05-03 00:29:58]   poll 0: IN_PROGRESS
[2026-05-03 00:30:14]   poll 3: IN_PROGRESS
[2026-05-03 00:30:29]   poll 6: IN_PROGRESS
[2026-05-03 00:30:35] publishing...
[2026-05-03 00:30:40] published: media_id=18082692173084235
[2026-05-03 00:30:40] archived to posted/20260503_0030_DXoe6VSk6yo.*
[2026-05-03 01:40:07] posting DW_N9DOk3U2 (9834 KB) — uploading...
[2026-05-03 01:40:42] upload OK: https://files.catbox.moe/pl3mjl.mp4
[2026-05-03 01:40:42] creating container...
[2026-05-03 01:40:42] container 18085187459161499 — polling...
[2026-05-03 01:40:43]   poll 0: IN_PROGRESS
[2026-05-03 01:40:48] FAILED: container error: {'status_code': 'ERROR', 'id': '18085187459161499'}
[2026-05-03 01:41:06] posting DW_N9DOk3U2 (5591 KB) — uploading...
[2026-05-03 01:41:17] upload OK: https://files.catbox.moe/lrbukd.mp4
[2026-05-03 01:41:17] creating container...
[2026-05-03 01:41:18] container 18085187483161499 — polling...
[2026-05-03 01:41:18]   poll 0: IN_PROGRESS
[2026-05-03 01:41:34]   poll 3: IN_PROGRESS
[2026-05-03 01:41:49]   poll 6: IN_PROGRESS
[2026-05-03 01:42:05]   poll 9: IN_PROGRESS
[2026-05-03 01:42:21]   poll 12: IN_PROGRESS
[2026-05-03 01:42:36]   poll 15: IN_PROGRESS
[2026-05-03 01:42:42] publishing...
[2026-05-03 01:42:50] published: media_id=18434441356190612
[2026-05-03 01:42:50] archived to posted/20260503_0142_DW_N9DOk3U2.*
[2026-05-03 01:42:57] posting DWoEMIaExZY (6306 KB) — uploading...
[2026-05-03 01:43:14] upload OK: https://files.catbox.moe/xwn4ve.mp4
[2026-05-03 01:43:14] creating container...
[2026-05-03 01:43:14] container 18085187822161499 — polling...
[2026-05-03 01:43:15]   poll 0: IN_PROGRESS
[2026-05-03 01:43:30]   poll 3: IN_PROGRESS
[2026-05-03 01:43:46]   poll 6: FINISHED
[2026-05-03 01:43:46] publishing...
[2026-05-03 01:43:52] published: media_id=18075869138230101
[2026-05-03 01:43:52] archived to posted/20260503_0143_DWoEMIaExZY.*
[2026-05-03 15:32:30] picked metaware1 (6191 KB)
[2026-05-03 15:32:30] video URL: https://raw.githubusercontent.com/cradeai/metaware-poster/deab45fc53adfb4b1d02b3940211e8b521486c4b/queue/metaware1.mp4
[2026-05-03 15:32:30] creating container...
[2026-05-03 15:32:31] container 18085323023161499 created — polling...
[2026-05-03 15:32:31]   poll 0: IN_PROGRESS
[2026-05-03 15:32:46]   poll 3: IN_PROGRESS
[2026-05-03 15:33:02]   poll 6: IN_PROGRESS
[2026-05-03 15:33:07] publishing...
[2026-05-03 15:33:14] published: media_id=18075630923648088
[2026-05-03 15:33:14] archived to posted/20260503_1533_metaware1.*
